// Jest Snapshot v1, https://goo.gl/fbAQLP

exports[`signin snapshot should render without throwing an error 1`] = `
Array [
  <div
    className="navbar"
  >
    <div
      className="container"
    >
      <button
        className="btn"
        type="submit"
      >
        ‚Üê
      </button>
      <div
        className="profile"
      >
        <p
          id="profile_name"
        >
          Name here
        </p>
        <button
          className="btn"
          type="submit"
        >
          <img
            alt="avatar"
            src="/images/avatar.svg"
          />
        </button>
      </div>
    </div>
  </div>,
  <div
    className="container"
  >
    <form>
      <div
        className="input_field"
      >
        <label
          htmlFor="transport"
        >
          <p>
            Transport name, number:
          </p>
        </label>
        <div
          className="input_line"
        >
          <input
            autoComplete="off"
            name="transport"
            placeholder="Transport"
            type="text"
          />
        </div>
        <div
          className="icon"
        >
          <img
            alt="Transport"
            src="/images/lock_mail.svg"
          />
        </div>
      </div>
      <div
        className="input_field"
      >
        <label
          htmlFor="departure"
        >
          <p>
            Departure location & time:
          </p>
        </label>
        <div
          className="input_line"
        >
          <input
            autoComplete="off"
            name="departure"
            placeholder="Departure location"
            type="text"
          />
        </div>
        <div
          className="icon"
        >
          <img
            alt="Departure location"
            src="/images/lock_mail.svg"
          />
        </div>
      </div>
      <div
        className="inline_container"
      >
        <select
          className="dropdown"
        >
          <option
            value="Year"
          >
            Year
          </option>
          <option
            value="2021"
          >
            2021
          </option>
          <option
            value="2022"
          >
            2022
          </option>
        </select>
        <select
          className="dropdown"
        >
          <option
            value="Month"
          >
            Month
          </option>
          <option
            value="1"
          >
            1
          </option>
          <option
            value="2"
          >
            2
          </option>
          <option
            value="3"
          >
            3
          </option>
          <option
            value="4"
          >
            4
          </option>
        </select>
        <select
          className="dropdown"
        >
          <option
            value="Day"
          >
            Day
          </option>
          <option
            value="1"
          >
            1
          </option>
          <option
            value="2"
          >
            2
          </option>
        </select>
      </div>
      <div
        className="input_field"
      >
        <label
          htmlFor="arrival"
        >
          <p>
            Arrival location & time:
          </p>
        </label>
        <div
          className="input_line"
        >
          <input
            autoComplete="off"
            name="arrival"
            placeholder="Arrival location"
            type="text"
          />
        </div>
        <div
          className="icon"
        >
          <img
            alt="Arrival location"
            src="/images/lock_mail.svg"
          />
        </div>
      </div>
      <div
        className="inline_container"
      >
        <select
          className="dropdown"
        >
          <option
            value="Year"
          >
            Year
          </option>
          <option
            value="2021"
          >
            2021
          </option>
          <option
            value="2022"
          >
            2022
          </option>
        </select>
        <select
          className="dropdown"
        >
          <option
            value="Month"
          >
            Month
          </option>
          <option
            value="1"
          >
            1
          </option>
          <option
            value="2"
          >
            2
          </option>
          <option
            value="3"
          >
            3
          </option>
          <option
            value="4"
          >
            4
          </option>
        </select>
        <select
          className="dropdown"
        >
          <option
            value="Day"
          >
            Day
          </option>
          <option
            value="1"
          >
            1
          </option>
          <option
            value="2"
          >
            2
          </option>
        </select>
      </div>
      <br />
      <label
        htmlFor="children"
      >
        <p>
          Traveling with children?
        </p>
      </label>
      <div
        className="inline_container"
      >
        <div>
          Yes:  
          <input
            name="children"
            type="radio"
            value="true"
          />
        </div>
        <div>
          No:  
          <input
            name="children"
            type="radio"
            value="false"
          />
        </div>
      </div>
      <button
        className="btn"
      >
        Save
      </button>
    </form>
  </div>,
]
`;
