// Jest Snapshot v1, https://goo.gl/fbAQLP

exports[`Index should render without throwing an error 1`] = `
Array [
  <div
    className="navbar"
  >
    <div
      className="container"
    >
      <button
        className="btn"
        type="submit"
      >
        ‚Üê
      </button>
      <div
        className="profile"
      >
        <p
          id="profile_name"
        >
          Name here
        </p>
        <button
          className="btn"
          type="submit"
        >
          <img
            alt="avatar"
            src="/images/avatar.svg"
          />
        </button>
      </div>
    </div>
    <div
      className="prespad"
    >
      <h1>
        Profile
      </h1>
      <h2>
        Name:
      </h2>
      <p>
        Sample
      </p>
      <h2>
        With children:
      </h2>
      <p>
        Sample
      </p>
      <h2>
        Departure location:
      </h2>
      <p>
        Sample
      </p>
      <h2>
        Departure time:
      </h2>
      <p>
        Sample
      </p>
      <h2>
        Arrival location:
      </h2>
      <p>
        Sample
      </p>
      <h2>
        Arrival time:
      </h2>
      <p>
        Sample
      </p>
      <h2>
        Transport name, number:
      </h2>
      <p>
        Sample
      </p>
      <div
        className="prespad"
      >
        <img
          alt="qr_code_smaple"
          src="/images/qr.svg"
        />
        
        
      </div>
      
      
      
    </div>
  </div>,
  <div
    className="container"
  >
    <div
      className="diagram"
    >
      <div
        className="prespad"
      >
        <select
          className="dropdown"
        >
          <option
            value="Country"
          >
            Country
          </option>
          <option
            value="123"
          >
            123
          </option>
        </select>
        <p>
          We should have an integrated Python plotlib diagram here
        </p>
        
        
        
      </div>
    </div>
    <a
      href="/form"
      onClick={[Function]}
      onMouseEnter={[Function]}
    >
      <div
        className="prespad"
      >
        <img
          alt="green_backgroun_img"
          src="/images/locator.svg"
        />
        <h2>
          Locator From
        </h2>
        <p>
          Fill a form that is required to cross country border
        </p>
      </div>
    </a>
    <a
      href="/links"
      onClick={[Function]}
      onMouseEnter={[Function]}
    >
      <div
        className="prespad"
      >
        <img
          alt="blue_backgroun_img"
          src="/images/links.svg"
        />
        <h2>
          Informations
        </h2>
        <p>
          See a list of useful links, or collect yourself
        </p>
      </div>
    </a>
  </div>,
]
`;
