// Jest Snapshot v1, https://goo.gl/fbAQLP

exports[`signin snapshot should render without throwing an error 1`] = `
<div
  className="container"
>
  <div
    className="prespad"
  >
    
    
    <img
      alt="logo.svg"
      src="/images/Iconlogo.svg"
    />
  </div>
  <p>
    All the details in one place
  </p>
  <form>
    <div
      className="input_field"
    >
      
      <div
        className="input_line"
      >
        <input
          autoComplete="off"
          name=""
          placeholder="Email"
          type="text"
        />
      </div>
      <div
        className="icon"
      >
        <img
          alt="Email"
          src="/images/lock_mail.svg"
        />
      </div>
    </div>
    <div
      className="input_field"
    >
      
      <div
        className="input_line"
      >
        <input
          autoComplete="off"
          name=""
          placeholder="Password"
          type="password"
        />
      </div>
      <div
        className="icon"
      >
        <img
          alt="Password"
          src="/images/lock_password.svg"
        />
      </div>
    </div>
    <button
      className="btn"
    >
      Sign In
    </button>
  </form>
  <a
    href="/signup"
    onClick={[Function]}
    onMouseEnter={[Function]}
  >
    <p
      className="link"
    >
      Sign Up
    </p>
  </a>
</div>
`;
